
Allocating common symbols
Common symbol       size              file

proxy13             0x4               ..\obj\sensor.o
flagNode            0x1               ..\obj\uart_node.o
proxy14             0x4               ..\obj\sensor.o
bufferNode          0x1               ..\obj\uart_node.o

Discarded input sections

 .text          0x00000000        0x0 ..\obj\uart_node.o
 .data          0x00000000        0x0 ..\obj\uart_node.o
 .text          0x00000000        0x0 ..\obj\stm32f4xx_syscfg.o
 .data          0x00000000        0x0 ..\obj\stm32f4xx_syscfg.o
 .bss           0x00000000        0x0 ..\obj\stm32f4xx_syscfg.o
 .text.SYSCFG_DeInit
                0x00000000       0x1c ..\obj\stm32f4xx_syscfg.o
 .text.SYSCFG_MemoryRemapConfig
                0x00000000       0x20 ..\obj\stm32f4xx_syscfg.o
 .text.SYSCFG_EXTILineConfig
                0x00000000       0x84 ..\obj\stm32f4xx_syscfg.o
 .text.SYSCFG_ETH_MediaInterfaceConfig
                0x00000000       0x1c ..\obj\stm32f4xx_syscfg.o
 .text.SYSCFG_CompensationCellCmd
                0x00000000       0x20 ..\obj\stm32f4xx_syscfg.o
 .text.SYSCFG_GetCompensationCellStatus
                0x00000000       0x30 ..\obj\stm32f4xx_syscfg.o
 .debug_info    0x00000000      0x27f ..\obj\stm32f4xx_syscfg.o
 .debug_abbrev  0x00000000      0x144 ..\obj\stm32f4xx_syscfg.o
 .debug_aranges
                0x00000000       0x48 ..\obj\stm32f4xx_syscfg.o
 .debug_ranges  0x00000000       0x38 ..\obj\stm32f4xx_syscfg.o
 .debug_line    0x00000000      0x268 ..\obj\stm32f4xx_syscfg.o
 .debug_str     0x00000000      0x30d ..\obj\stm32f4xx_syscfg.o
 .comment       0x00000000       0x80 ..\obj\stm32f4xx_syscfg.o
 .debug_frame   0x00000000       0xf4 ..\obj\stm32f4xx_syscfg.o
 .ARM.attributes
                0x00000000       0x33 ..\obj\stm32f4xx_syscfg.o
 .text          0x00000000        0x0 ..\obj\stm32f4xx_usart.o
 .data          0x00000000        0x0 ..\obj\stm32f4xx_usart.o
 .bss           0x00000000        0x0 ..\obj\stm32f4xx_usart.o
 .text.USART_StructInit
                0x00000000       0x38 ..\obj\stm32f4xx_usart.o
 .text.USART_ClockInit
                0x00000000       0x54 ..\obj\stm32f4xx_usart.o
 .text.USART_ClockStructInit
                0x00000000       0x2a ..\obj\stm32f4xx_usart.o
 .text.USART_SetPrescaler
                0x00000000       0x38 ..\obj\stm32f4xx_usart.o
 .text.USART_OverSampling8Cmd
                0x00000000       0x42 ..\obj\stm32f4xx_usart.o
 .text.USART_OneBitMethodCmd
                0x00000000       0x3e ..\obj\stm32f4xx_usart.o
 .text.USART_SendData
                0x00000000       0x22 ..\obj\stm32f4xx_usart.o
 .text.USART_SetAddress
                0x00000000       0x38 ..\obj\stm32f4xx_usart.o
 .text.USART_ReceiverWakeUpCmd
                0x00000000       0x3e ..\obj\stm32f4xx_usart.o
 .text.USART_WakeUpConfig
                0x00000000       0x36 ..\obj\stm32f4xx_usart.o
 .text.USART_LINBreakDetectLengthConfig
                0x00000000       0x36 ..\obj\stm32f4xx_usart.o
 .text.USART_LINCmd
                0x00000000       0x3e ..\obj\stm32f4xx_usart.o
 .text.USART_SendBreak
                0x00000000       0x22 ..\obj\stm32f4xx_usart.o
 .text.USART_HalfDuplexCmd
                0x00000000       0x3e ..\obj\stm32f4xx_usart.o
 .text.USART_SetGuardTime
                0x00000000       0x3a ..\obj\stm32f4xx_usart.o
 .text.USART_SmartCardCmd
                0x00000000       0x3e ..\obj\stm32f4xx_usart.o
 .text.USART_SmartCardNACKCmd
                0x00000000       0x3e ..\obj\stm32f4xx_usart.o
 .text.USART_IrDAConfig
                0x00000000       0x36 ..\obj\stm32f4xx_usart.o
 .text.USART_IrDACmd
                0x00000000       0x3e ..\obj\stm32f4xx_usart.o
 .text.USART_DMACmd
                0x00000000       0x46 ..\obj\stm32f4xx_usart.o
 .text.USART_GetFlagStatus
                0x00000000       0x36 ..\obj\stm32f4xx_usart.o
 .text.USART_ClearFlag
                0x00000000       0x20 ..\obj\stm32f4xx_usart.o
 .text.USART_ClearITPendingBit
                0x00000000       0x38 ..\obj\stm32f4xx_usart.o
 .text          0x00000000        0x0 ..\obj\startup_stm32f4xx.o
 .data          0x00000000        0x0 ..\obj\startup_stm32f4xx.o
 .bss           0x00000000        0x0 ..\obj\startup_stm32f4xx.o
 .text          0x00000000        0x0 ..\obj\main.o
 .data          0x00000000        0x0 ..\obj\main.o
 .text          0x00000000        0x0 ..\obj\stm32f4xx_rcc.o
 .bss           0x00000000        0x0 ..\obj\stm32f4xx_rcc.o
 .text.RCC_DeInit
                0x00000000       0x50 ..\obj\stm32f4xx_rcc.o
 .text.RCC_AdjustHSICalibrationValue
                0x00000000       0x3c ..\obj\stm32f4xx_rcc.o
 .text.RCC_HSICmd
                0x00000000       0x20 ..\obj\stm32f4xx_rcc.o
 .text.RCC_LSEConfig
                0x00000000       0x40 ..\obj\stm32f4xx_rcc.o
 .text.RCC_LSICmd
                0x00000000       0x20 ..\obj\stm32f4xx_rcc.o
 .text.RCC_PLLConfig
                0x00000000       0x3c ..\obj\stm32f4xx_rcc.o
 .text.RCC_PLLCmd
                0x00000000       0x20 ..\obj\stm32f4xx_rcc.o
 .text.RCC_PLLI2SConfig
                0x00000000       0x28 ..\obj\stm32f4xx_rcc.o
 .text.RCC_PLLI2SCmd
                0x00000000       0x20 ..\obj\stm32f4xx_rcc.o
 .text.RCC_ClockSecuritySystemCmd
                0x00000000       0x20 ..\obj\stm32f4xx_rcc.o
 .text.RCC_MCO1Config
                0x00000000       0x3c ..\obj\stm32f4xx_rcc.o
 .text.RCC_MCO2Config
                0x00000000       0x3c ..\obj\stm32f4xx_rcc.o
 .text.RCC_SYSCLKConfig
                0x00000000       0x38 ..\obj\stm32f4xx_rcc.o
 .text.RCC_GetSYSCLKSource
                0x00000000       0x1c ..\obj\stm32f4xx_rcc.o
 .text.RCC_HCLKConfig
                0x00000000       0x38 ..\obj\stm32f4xx_rcc.o
 .text.RCC_PCLK1Config
                0x00000000       0x38 ..\obj\stm32f4xx_rcc.o
 .text.RCC_PCLK2Config
                0x00000000       0x38 ..\obj\stm32f4xx_rcc.o
 .text.RCC_RTCCLKConfig
                0x00000000       0x5c ..\obj\stm32f4xx_rcc.o
 .text.RCC_RTCCLKCmd
                0x00000000       0x20 ..\obj\stm32f4xx_rcc.o
 .text.RCC_BackupResetCmd
                0x00000000       0x20 ..\obj\stm32f4xx_rcc.o
 .text.RCC_I2SCLKConfig
                0x00000000       0x1c ..\obj\stm32f4xx_rcc.o
 .text.RCC_AHB2PeriphClockCmd
                0x00000000       0x3c ..\obj\stm32f4xx_rcc.o
 .text.RCC_AHB3PeriphClockCmd
                0x00000000       0x3c ..\obj\stm32f4xx_rcc.o
 .text.RCC_APB2PeriphClockCmd
                0x00000000       0x3c ..\obj\stm32f4xx_rcc.o
 .text.RCC_AHB1PeriphResetCmd
                0x00000000       0x3c ..\obj\stm32f4xx_rcc.o
 .text.RCC_AHB2PeriphResetCmd
                0x00000000       0x3c ..\obj\stm32f4xx_rcc.o
 .text.RCC_AHB3PeriphResetCmd
                0x00000000       0x3c ..\obj\stm32f4xx_rcc.o
 .text.RCC_AHB1PeriphClockLPModeCmd
                0x00000000       0x3c ..\obj\stm32f4xx_rcc.o
 .text.RCC_AHB2PeriphClockLPModeCmd
                0x00000000       0x3c ..\obj\stm32f4xx_rcc.o
 .text.RCC_AHB3PeriphClockLPModeCmd
                0x00000000       0x3c ..\obj\stm32f4xx_rcc.o
 .text.RCC_APB1PeriphClockLPModeCmd
                0x00000000       0x3c ..\obj\stm32f4xx_rcc.o
 .text.RCC_APB2PeriphClockLPModeCmd
                0x00000000       0x3c ..\obj\stm32f4xx_rcc.o
 .text.RCC_ITConfig
                0x00000000       0x4c ..\obj\stm32f4xx_rcc.o
 .text.RCC_ClearFlag
                0x00000000       0x1c ..\obj\stm32f4xx_rcc.o
 .text.RCC_GetITStatus
                0x00000000       0x34 ..\obj\stm32f4xx_rcc.o
 .text.RCC_ClearITPendingBit
                0x00000000       0x20 ..\obj\stm32f4xx_rcc.o
 .text          0x00000000        0x0 ..\obj\sensor.o
 .data          0x00000000        0x0 ..\obj\sensor.o
 .bss           0x00000000        0x0 ..\obj\sensor.o
 .text          0x00000000        0x0 ..\obj\tm_stm32f4_delay.o
 .data          0x00000000        0x0 ..\obj\tm_stm32f4_delay.o
 .text.Delay    0x00000000       0x28 ..\obj\tm_stm32f4_delay.o
 .text.TM_DELAY_Time
                0x00000000       0x14 ..\obj\tm_stm32f4_delay.o
 .text.TM_DELAY_Time2
                0x00000000       0x14 ..\obj\tm_stm32f4_delay.o
 .text.TM_DELAY_SetTime
                0x00000000       0x1c ..\obj\tm_stm32f4_delay.o
 .text.TM_DELAY_SetTime2
                0x00000000       0x1c ..\obj\tm_stm32f4_delay.o
 .text.TM_DELAY_EnableSystick
                0x00000000       0x2c ..\obj\tm_stm32f4_delay.o
 .text.TM_DELAY_DisableSystick
                0x00000000       0x1c ..\obj\tm_stm32f4_delay.o
 .text          0x00000000        0x0 ..\obj\stm32f4xx_gpio.o
 .data          0x00000000        0x0 ..\obj\stm32f4xx_gpio.o
 .bss           0x00000000        0x0 ..\obj\stm32f4xx_gpio.o
 .text.GPIO_DeInit
                0x00000000      0x120 ..\obj\stm32f4xx_gpio.o
 .text.GPIO_StructInit
                0x00000000       0x32 ..\obj\stm32f4xx_gpio.o
 .text.GPIO_PinLockConfig
                0x00000000       0x42 ..\obj\stm32f4xx_gpio.o
 .text.GPIO_ReadInputData
                0x00000000       0x18 ..\obj\stm32f4xx_gpio.o
 .text.GPIO_ReadOutputDataBit
                0x00000000       0x32 ..\obj\stm32f4xx_gpio.o
 .text.GPIO_ReadOutputData
                0x00000000       0x18 ..\obj\stm32f4xx_gpio.o
 .text.GPIO_WriteBit
                0x00000000       0x2e ..\obj\stm32f4xx_gpio.o
 .text.GPIO_Write
                0x00000000       0x1c ..\obj\stm32f4xx_gpio.o
 .text.GPIO_ToggleBits
                0x00000000       0x22 ..\obj\stm32f4xx_gpio.o
 .text          0x00000000        0x0 ..\obj\system_stm32f4xx.o
 .bss           0x00000000        0x0 ..\obj\system_stm32f4xx.o
 .text.SystemCoreClockUpdate
                0x00000000       0xf4 ..\obj\system_stm32f4xx.o
 .text          0x00000000        0x0 ..\obj\syscalls.o
 .data          0x00000000        0x0 ..\obj\syscalls.o
 .bss           0x00000000        0x4 ..\obj\syscalls.o
 .text._sbrk    0x00000000       0x3c ..\obj\syscalls.o
 .text.link     0x00000000       0x18 ..\obj\syscalls.o
 .text._close   0x00000000       0x16 ..\obj\syscalls.o
 .text._fstat   0x00000000       0x1e ..\obj\syscalls.o
 .text._isatty  0x00000000       0x14 ..\obj\syscalls.o
 .text._lseek   0x00000000       0x18 ..\obj\syscalls.o
 .text._read    0x00000000       0x18 ..\obj\syscalls.o
 .text._write   0x00000000       0x18 ..\obj\syscalls.o
 .text.abort    0x00000000        0x6 ..\obj\syscalls.o
 .debug_info    0x00000000      0xc94 ..\obj\syscalls.o
 .debug_abbrev  0x00000000      0x20d ..\obj\syscalls.o
 .debug_aranges
                0x00000000       0x60 ..\obj\syscalls.o
 .debug_ranges  0x00000000       0x50 ..\obj\syscalls.o
 .debug_line    0x00000000      0x2e9 ..\obj\syscalls.o
 .debug_str     0x00000000      0x737 ..\obj\syscalls.o
 .comment       0x00000000       0x80 ..\obj\syscalls.o
 .debug_frame   0x00000000      0x168 ..\obj\syscalls.o
 .ARM.attributes
                0x00000000       0x33 ..\obj\syscalls.o
 .text          0x00000000        0x0 ..\obj\misc.o
 .data          0x00000000        0x0 ..\obj\misc.o
 .bss           0x00000000        0x0 ..\obj\misc.o
 .text.NVIC_PriorityGroupConfig
                0x00000000       0x24 ..\obj\misc.o
 .text.NVIC_SetVectorTable
                0x00000000       0x2c ..\obj\misc.o
 .text.NVIC_SystemLPConfig
                0x00000000       0x40 ..\obj\misc.o
 .text.SysTick_CLKSourceConfig
                0x00000000       0x38 ..\obj\misc.o
 .text          0x00000000        0x0 ..\obj\motorDC.o
 .data          0x00000000        0x0 ..\obj\motorDC.o
 .bss           0x00000000        0xc ..\obj\motorDC.o
 .text.tesMotor
                0x00000000       0x44 ..\obj\motorDC.o
 .text          0x00000000        0x0 ..\obj\stm32f4xx_tim.o
 .data          0x00000000        0x0 ..\obj\stm32f4xx_tim.o
 .bss           0x00000000        0x0 ..\obj\stm32f4xx_tim.o
 .text.TIM_DeInit
                0x00000000      0x1c0 ..\obj\stm32f4xx_tim.o
 .text.TIM_TimeBaseInit
                0x00000000       0xd4 ..\obj\stm32f4xx_tim.o
 .text.TIM_TimeBaseStructInit
                0x00000000       0x32 ..\obj\stm32f4xx_tim.o
 .text.TIM_PrescalerConfig
                0x00000000       0x26 ..\obj\stm32f4xx_tim.o
 .text.TIM_CounterModeConfig
                0x00000000       0x36 ..\obj\stm32f4xx_tim.o
 .text.TIM_SetCounter
                0x00000000       0x1a ..\obj\stm32f4xx_tim.o
 .text.TIM_SetAutoreload
                0x00000000       0x1a ..\obj\stm32f4xx_tim.o
 .text.TIM_GetCounter
                0x00000000       0x16 ..\obj\stm32f4xx_tim.o
 .text.TIM_GetPrescaler
                0x00000000       0x18 ..\obj\stm32f4xx_tim.o
 .text.TIM_UpdateDisableConfig
                0x00000000       0x3e ..\obj\stm32f4xx_tim.o
 .text.TIM_UpdateRequestConfig
                0x00000000       0x3e ..\obj\stm32f4xx_tim.o
 .text.TIM_ARRPreloadConfig
                0x00000000       0x3e ..\obj\stm32f4xx_tim.o
 .text.TIM_SelectOnePulseMode
                0x00000000       0x36 ..\obj\stm32f4xx_tim.o
 .text.TIM_SetClockDivision
                0x00000000       0x36 ..\obj\stm32f4xx_tim.o
 .text.TIM_Cmd  0x00000000       0x3e ..\obj\stm32f4xx_tim.o
 .text.TIM_OC1Init
                0x00000000       0xf4 ..\obj\stm32f4xx_tim.o
 .text.TIM_OC2Init
                0x00000000      0x110 ..\obj\stm32f4xx_tim.o
 .text.TIM_OC3Init
                0x00000000      0x10c ..\obj\stm32f4xx_tim.o
 .text.TIM_OC4Init
                0x00000000       0xcc ..\obj\stm32f4xx_tim.o
 .text.TIM_OCStructInit
                0x00000000       0x42 ..\obj\stm32f4xx_tim.o
 .text.TIM_SelectOCxM
                0x00000000       0xb0 ..\obj\stm32f4xx_tim.o
 .text.TIM_SetCompare1
                0x00000000       0x1a ..\obj\stm32f4xx_tim.o
 .text.TIM_SetCompare2
                0x00000000       0x1a ..\obj\stm32f4xx_tim.o
 .text.TIM_SetCompare3
                0x00000000       0x1a ..\obj\stm32f4xx_tim.o
 .text.TIM_SetCompare4
                0x00000000       0x1a ..\obj\stm32f4xx_tim.o
 .text.TIM_ForcedOC1Config
                0x00000000       0x36 ..\obj\stm32f4xx_tim.o
 .text.TIM_ForcedOC2Config
                0x00000000       0x3a ..\obj\stm32f4xx_tim.o
 .text.TIM_ForcedOC3Config
                0x00000000       0x36 ..\obj\stm32f4xx_tim.o
 .text.TIM_ForcedOC4Config
                0x00000000       0x3a ..\obj\stm32f4xx_tim.o
 .text.TIM_OC1PreloadConfig
                0x00000000       0x36 ..\obj\stm32f4xx_tim.o
 .text.TIM_OC2PreloadConfig
                0x00000000       0x3a ..\obj\stm32f4xx_tim.o
 .text.TIM_OC3PreloadConfig
                0x00000000       0x36 ..\obj\stm32f4xx_tim.o
 .text.TIM_OC4PreloadConfig
                0x00000000       0x3a ..\obj\stm32f4xx_tim.o
 .text.TIM_OC1FastConfig
                0x00000000       0x36 ..\obj\stm32f4xx_tim.o
 .text.TIM_OC2FastConfig
                0x00000000       0x3a ..\obj\stm32f4xx_tim.o
 .text.TIM_OC3FastConfig
                0x00000000       0x36 ..\obj\stm32f4xx_tim.o
 .text.TIM_OC4FastConfig
                0x00000000       0x3a ..\obj\stm32f4xx_tim.o
 .text.TIM_ClearOC1Ref
                0x00000000       0x36 ..\obj\stm32f4xx_tim.o
 .text.TIM_ClearOC2Ref
                0x00000000       0x3a ..\obj\stm32f4xx_tim.o
 .text.TIM_ClearOC3Ref
                0x00000000       0x36 ..\obj\stm32f4xx_tim.o
 .text.TIM_ClearOC4Ref
                0x00000000       0x3a ..\obj\stm32f4xx_tim.o
 .text.TIM_OC1PolarityConfig
                0x00000000       0x36 ..\obj\stm32f4xx_tim.o
 .text.TIM_OC1NPolarityConfig
                0x00000000       0x36 ..\obj\stm32f4xx_tim.o
 .text.TIM_OC2PolarityConfig
                0x00000000       0x3a ..\obj\stm32f4xx_tim.o
 .text.TIM_OC2NPolarityConfig
                0x00000000       0x3a ..\obj\stm32f4xx_tim.o
 .text.TIM_OC3PolarityConfig
                0x00000000       0x3a ..\obj\stm32f4xx_tim.o
 .text.TIM_OC3NPolarityConfig
                0x00000000       0x3a ..\obj\stm32f4xx_tim.o
 .text.TIM_OC4PolarityConfig
                0x00000000       0x3a ..\obj\stm32f4xx_tim.o
 .text.TIM_CCxCmd
                0x00000000       0x54 ..\obj\stm32f4xx_tim.o
 .text.TIM_CCxNCmd
                0x00000000       0x54 ..\obj\stm32f4xx_tim.o
 .text.TIM_ICInit
                0x00000000       0xa8 ..\obj\stm32f4xx_tim.o
 .text.TIM_ICStructInit
                0x00000000       0x30 ..\obj\stm32f4xx_tim.o
 .text.TIM_PWMIConfig
                0x00000000       0xb8 ..\obj\stm32f4xx_tim.o
 .text.TIM_GetCapture1
                0x00000000       0x16 ..\obj\stm32f4xx_tim.o
 .text.TIM_GetCapture2
                0x00000000       0x16 ..\obj\stm32f4xx_tim.o
 .text.TIM_GetCapture3
                0x00000000       0x16 ..\obj\stm32f4xx_tim.o
 .text.TIM_GetCapture4
                0x00000000       0x16 ..\obj\stm32f4xx_tim.o
 .text.TIM_SetIC1Prescaler
                0x00000000       0x36 ..\obj\stm32f4xx_tim.o
 .text.TIM_SetIC2Prescaler
                0x00000000       0x3a ..\obj\stm32f4xx_tim.o
 .text.TIM_SetIC3Prescaler
                0x00000000       0x36 ..\obj\stm32f4xx_tim.o
 .text.TIM_SetIC4Prescaler
                0x00000000       0x3a ..\obj\stm32f4xx_tim.o
 .text.TIM_BDTRConfig
                0x00000000       0x4e ..\obj\stm32f4xx_tim.o
 .text.TIM_BDTRStructInit
                0x00000000       0x3c ..\obj\stm32f4xx_tim.o
 .text.TIM_CtrlPWMOutputs
                0x00000000       0x4a ..\obj\stm32f4xx_tim.o
 .text.TIM_SelectCOM
                0x00000000       0x3e ..\obj\stm32f4xx_tim.o
 .text.TIM_CCPreloadControl
                0x00000000       0x3e ..\obj\stm32f4xx_tim.o
 .text.TIM_ITConfig
                0x00000000       0x46 ..\obj\stm32f4xx_tim.o
 .text.TIM_GenerateEvent
                0x00000000       0x1c ..\obj\stm32f4xx_tim.o
 .text.TIM_GetFlagStatus
                0x00000000       0x36 ..\obj\stm32f4xx_tim.o
 .text.TIM_ClearFlag
                0x00000000       0x20 ..\obj\stm32f4xx_tim.o
 .text.TIM_GetITStatus
                0x00000000       0x52 ..\obj\stm32f4xx_tim.o
 .text.TIM_ClearITPendingBit
                0x00000000       0x20 ..\obj\stm32f4xx_tim.o
 .text.TIM_DMAConfig
                0x00000000       0x28 ..\obj\stm32f4xx_tim.o
 .text.TIM_DMACmd
                0x00000000       0x46 ..\obj\stm32f4xx_tim.o
 .text.TIM_SelectCCDMA
                0x00000000       0x3e ..\obj\stm32f4xx_tim.o
 .text.TIM_InternalClockConfig
                0x00000000       0x22 ..\obj\stm32f4xx_tim.o
 .text.TIM_ITRxExternalClockConfig
                0x00000000       0x2e ..\obj\stm32f4xx_tim.o
 .text.TIM_TIxExternalClockConfig
                0x00000000       0x5c ..\obj\stm32f4xx_tim.o
 .text.TIM_ETRClockMode1Config
                0x00000000       0x5e ..\obj\stm32f4xx_tim.o
 .text.TIM_ETRClockMode2Config
                0x00000000       0x3e ..\obj\stm32f4xx_tim.o
 .text.TIM_SelectInputTrigger
                0x00000000       0x36 ..\obj\stm32f4xx_tim.o
 .text.TIM_SelectOutputTrigger
                0x00000000       0x36 ..\obj\stm32f4xx_tim.o
 .text.TIM_SelectSlaveMode
                0x00000000       0x36 ..\obj\stm32f4xx_tim.o
 .text.TIM_SelectMasterSlaveMode
                0x00000000       0x36 ..\obj\stm32f4xx_tim.o
 .text.TIM_ETRConfig
                0x00000000       0x52 ..\obj\stm32f4xx_tim.o
 .text.TIM_EncoderInterfaceConfig
                0x00000000       0x96 ..\obj\stm32f4xx_tim.o
 .text.TIM_SelectHallSensor
                0x00000000       0x3e ..\obj\stm32f4xx_tim.o
 .text.TIM_RemapConfig
                0x00000000       0x1e ..\obj\stm32f4xx_tim.o
 .text.TI1_Config
                0x00000000       0x84 ..\obj\stm32f4xx_tim.o
 .text.TI2_Config
                0x00000000       0x98 ..\obj\stm32f4xx_tim.o
 .text.TI3_Config
                0x00000000       0x8e ..\obj\stm32f4xx_tim.o
 .text.TI4_Config
                0x00000000       0x9c ..\obj\stm32f4xx_tim.o
 .debug_info    0x00000000     0x1c70 ..\obj\stm32f4xx_tim.o
 .debug_abbrev  0x00000000      0x198 ..\obj\stm32f4xx_tim.o
 .debug_aranges
                0x00000000      0x2f8 ..\obj\stm32f4xx_tim.o
 .debug_ranges  0x00000000      0x2e8 ..\obj\stm32f4xx_tim.o
 .debug_line    0x00000000      0xb27 ..\obj\stm32f4xx_tim.o
 .debug_str     0x00000000      0xde9 ..\obj\stm32f4xx_tim.o
 .comment       0x00000000       0x80 ..\obj\stm32f4xx_tim.o
 .debug_frame   0x00000000      0xe54 ..\obj\stm32f4xx_tim.o
 .ARM.attributes
                0x00000000       0x33 ..\obj\stm32f4xx_tim.o

Memory Configuration

Name             Origin             Length             Attributes
rom              0x08000000         0x00100000         xr
ram              0x20000000         0x00020000         xrw
ram1             0x10000000         0x00010000         xrw
*default*        0x00000000         0xffffffff

Linker script and memory map

                0x20020000                _eram = 0x20020000

.text           0x08000000     0x12b8
 *(.isr_vector)
 .isr_vector    0x08000000      0x188 ..\obj\startup_stm32f4xx.o
                0x08000000                g_pfnVectors
 *(.text*)
 .text.init_USART2
                0x08000188       0xc8 ..\obj\uart_node.o
                0x08000188                init_USART2
 .text.USART2_IRQHandler
                0x08000250       0xac ..\obj\uart_node.o
                0x08000250                USART2_IRQHandler
 .text.init_node
                0x080002fc        0xc ..\obj\uart_node.o
                0x080002fc                init_node
 .text.USART_DeInit
                0x08000308       0xd4 ..\obj\stm32f4xx_usart.o
                0x08000308                USART_DeInit
 .text.USART_Init
                0x080003dc      0x174 ..\obj\stm32f4xx_usart.o
                0x080003dc                USART_Init
 .text.USART_Cmd
                0x08000550       0x3e ..\obj\stm32f4xx_usart.o
                0x08000550                USART_Cmd
 .text.USART_ReceiveData
                0x0800058e       0x1e ..\obj\stm32f4xx_usart.o
                0x0800058e                USART_ReceiveData
 .text.USART_ITConfig
                0x080005ac       0x8e ..\obj\stm32f4xx_usart.o
                0x080005ac                USART_ITConfig
 .text.USART_GetITStatus
                0x0800063a       0xb4 ..\obj\stm32f4xx_usart.o
                0x0800063a                USART_GetITStatus
 *fill*         0x080006ee        0x2 
 .text.Default_Reset_Handler
                0x080006f0       0x5c ..\obj\startup_stm32f4xx.o
                0x080006f0                Default_Reset_Handler
                0x080006f0                Reset_Handler
 .text.Default_Handler
                0x0800074c        0x6 ..\obj\startup_stm32f4xx.o
                0x0800074c                RTC_Alarm_IRQHandler
                0x0800074c                HASH_RNG_IRQHandler
                0x0800074c                EXTI2_IRQHandler
                0x0800074c                TIM8_CC_IRQHandler
                0x0800074c                DebugMon_Handler
                0x0800074c                TIM1_CC_IRQHandler
                0x0800074c                DMA2_Stream5_IRQHandler
                0x0800074c                HardFault_Handler
                0x0800074c                DMA1_Stream5_IRQHandler
                0x0800074c                PVD_IRQHandler
                0x0800074c                SDIO_IRQHandler
                0x0800074c                TAMP_STAMP_IRQHandler
                0x0800074c                PendSV_Handler
                0x0800074c                NMI_Handler
                0x0800074c                CAN2_RX1_IRQHandler
                0x0800074c                EXTI3_IRQHandler
                0x0800074c                TIM8_TRG_COM_TIM14_IRQHandler
                0x0800074c                TIM1_UP_TIM10_IRQHandler
                0x0800074c                TIM8_UP_TIM13_IRQHandler
                0x0800074c                I2C3_ER_IRQHandler
                0x0800074c                EXTI0_IRQHandler
                0x0800074c                I2C2_EV_IRQHandler
                0x0800074c                DMA1_Stream2_IRQHandler
                0x0800074c                CAN1_RX0_IRQHandler
                0x0800074c                FPU_IRQHandler
                0x0800074c                OTG_HS_WKUP_IRQHandler
                0x0800074c                UsageFault_Handler
                0x0800074c                CAN2_SCE_IRQHandler
                0x0800074c                DMA2_Stream2_IRQHandler
                0x0800074c                SPI1_IRQHandler
                0x0800074c                TIM6_DAC_IRQHandler
                0x0800074c                TIM1_BRK_TIM9_IRQHandler
                0x0800074c                DCMI_IRQHandler
                0x0800074c                CAN2_RX0_IRQHandler
                0x0800074c                DMA2_Stream3_IRQHandler
                0x0800074c                USART6_IRQHandler
                0x0800074c                USART3_IRQHandler
                0x0800074c                CRYP_IRQHandler
                0x0800074c                CAN1_RX1_IRQHandler
                0x0800074c                UART5_IRQHandler
                0x0800074c                DMA2_Stream0_IRQHandler
                0x0800074c                TIM4_IRQHandler
                0x0800074c                I2C1_EV_IRQHandler
                0x0800074c                DMA1_Stream6_IRQHandler
                0x0800074c                DMA1_Stream1_IRQHandler
                0x0800074c                UART4_IRQHandler
                0x0800074c                TIM3_IRQHandler
                0x0800074c                RCC_IRQHandler
                0x0800074c                TIM8_BRK_TIM12_IRQHandler
                0x0800074c                EXTI15_10_IRQHandler
                0x0800074c                ADC_IRQHandler
                0x0800074c                DMA1_Stream7_IRQHandler
                0x0800074c                TIM7_IRQHandler
                0x0800074c                CAN2_TX_IRQHandler
                0x0800074c                TIM5_IRQHandler
                0x0800074c                DMA2_Stream7_IRQHandler
                0x0800074c                I2C3_EV_IRQHandler
                0x0800074c                EXTI9_5_IRQHandler
                0x0800074c                RTC_WKUP_IRQHandler
                0x0800074c                ETH_WKUP_IRQHandler
                0x0800074c                SPI2_IRQHandler
                0x0800074c                OTG_HS_EP1_IN_IRQHandler
                0x0800074c                MemManage_Handler
                0x0800074c                DMA1_Stream0_IRQHandler
                0x0800074c                CAN1_TX_IRQHandler
                0x0800074c                SVC_Handler
                0x0800074c                EXTI4_IRQHandler
                0x0800074c                FSMC_IRQHandler
                0x0800074c                ETH_IRQHandler
                0x0800074c                OTG_HS_EP1_OUT_IRQHandler
                0x0800074c                WWDG_IRQHandler
                0x0800074c                TIM2_IRQHandler
                0x0800074c                OTG_FS_WKUP_IRQHandler
                0x0800074c                TIM1_TRG_COM_TIM11_IRQHandler
                0x0800074c                OTG_HS_IRQHandler
                0x0800074c                EXTI1_IRQHandler
                0x0800074c                I2C2_ER_IRQHandler
                0x0800074c                DMA2_Stream1_IRQHandler
                0x0800074c                CAN1_SCE_IRQHandler
                0x0800074c                FLASH_IRQHandler
                0x0800074c                DMA2_Stream4_IRQHandler
                0x0800074c                BusFault_Handler
                0x0800074c                USART1_IRQHandler
                0x0800074c                OTG_FS_IRQHandler
                0x0800074c                SPI3_IRQHandler
                0x0800074c                DMA1_Stream4_IRQHandler
                0x0800074c                I2C1_ER_IRQHandler
                0x0800074c                DMA2_Stream6_IRQHandler
                0x0800074c                DMA1_Stream3_IRQHandler
 *fill*         0x08000752        0x2 
 .text.nyapu    0x08000754       0xa4 ..\obj\main.o
                0x08000754                nyapu
 .text.manual   0x080007f8       0x50 ..\obj\main.o
                0x080007f8                manual
 .text.main     0x08000848       0x26 ..\obj\main.o
                0x08000848                main
 *fill*         0x0800086e        0x2 
 .text.RCC_HSEConfig
                0x08000870       0x24 ..\obj\stm32f4xx_rcc.o
                0x08000870                RCC_HSEConfig
 .text.RCC_WaitForHSEStartUp
                0x08000894       0x50 ..\obj\stm32f4xx_rcc.o
                0x08000894                RCC_WaitForHSEStartUp
 .text.RCC_GetClocksFreq
                0x080008e4      0x150 ..\obj\stm32f4xx_rcc.o
                0x080008e4                RCC_GetClocksFreq
 .text.RCC_AHB1PeriphClockCmd
                0x08000a34       0x3c ..\obj\stm32f4xx_rcc.o
                0x08000a34                RCC_AHB1PeriphClockCmd
 .text.RCC_APB1PeriphClockCmd
                0x08000a70       0x3c ..\obj\stm32f4xx_rcc.o
                0x08000a70                RCC_APB1PeriphClockCmd
 .text.RCC_APB1PeriphResetCmd
                0x08000aac       0x3c ..\obj\stm32f4xx_rcc.o
                0x08000aac                RCC_APB1PeriphResetCmd
 .text.RCC_APB2PeriphResetCmd
                0x08000ae8       0x3c ..\obj\stm32f4xx_rcc.o
                0x08000ae8                RCC_APB2PeriphResetCmd
 .text.RCC_GetFlagStatus
                0x08000b24       0x74 ..\obj\stm32f4xx_rcc.o
                0x08000b24                RCC_GetFlagStatus
 .text.init_proximity
                0x08000b98       0x38 ..\obj\sensor.o
                0x08000b98                init_proximity
 .text.dataProxy
                0x08000bd0       0x34 ..\obj\sensor.o
                0x08000bd0                dataProxy
 .text.NVIC_SetPriority
                0x08000c04       0x54 ..\obj\tm_stm32f4_delay.o
 .text.SysTick_Config
                0x08000c58       0x44 ..\obj\tm_stm32f4_delay.o
 .text.Delayms  0x08000c9c       0x30 ..\obj\tm_stm32f4_delay.o
                0x08000c9c                Delayms
 .text.SysTick_Handler
                0x08000ccc       0x48 ..\obj\tm_stm32f4_delay.o
                0x08000ccc                SysTick_Handler
 .text.TM_DELAY_Init
                0x08000d14       0x50 ..\obj\tm_stm32f4_delay.o
                0x08000d14                TM_DELAY_Init
 .text.GPIO_Init
                0x08000d64      0x11a ..\obj\stm32f4xx_gpio.o
                0x08000d64                GPIO_Init
 .text.GPIO_ReadInputDataBit
                0x08000e7e       0x32 ..\obj\stm32f4xx_gpio.o
                0x08000e7e                GPIO_ReadInputDataBit
 .text.GPIO_SetBits
                0x08000eb0       0x1c ..\obj\stm32f4xx_gpio.o
                0x08000eb0                GPIO_SetBits
 .text.GPIO_ResetBits
                0x08000ecc       0x1c ..\obj\stm32f4xx_gpio.o
                0x08000ecc                GPIO_ResetBits
 .text.GPIO_PinAFConfig
                0x08000ee8       0x90 ..\obj\stm32f4xx_gpio.o
                0x08000ee8                GPIO_PinAFConfig
 .text.SystemInit
                0x08000f78       0x5c ..\obj\system_stm32f4xx.o
                0x08000f78                SystemInit
 .text.SetSysClock
                0x08000fd4       0xf4 ..\obj\system_stm32f4xx.o
 .text.NVIC_Init
                0x080010c8       0xc4 ..\obj\misc.o
                0x080010c8                NVIC_Init
 .text.init_motor
                0x0800118c       0x3c ..\obj\motorDC.o
                0x0800118c                init_motor
 .text.maju     0x080011c8       0x30 ..\obj\motorDC.o
                0x080011c8                maju
 .text.kiri     0x080011f8       0x30 ..\obj\motorDC.o
                0x080011f8                kiri
 .text.kanan    0x08001228       0x30 ..\obj\motorDC.o
                0x08001228                kanan
 .text.mundur   0x08001258       0x30 ..\obj\motorDC.o
                0x08001258                mundur
 .text.berhenti
                0x08001288       0x30 ..\obj\motorDC.o
                0x08001288                berhenti
 *(.init)
 *(.fini)
 *crtbegin.o(.ctors)
 *crtbegin?.o(.ctors)
 *(EXCLUDE_FILE(*crtend.o *crtend?.o) .ctors)
 *(SORT(.ctors.*))
 *(.ctors)
 *crtbegin.o(.dtors)
 *crtbegin?.o(.dtors)
 *(EXCLUDE_FILE(*crtend.o *crtend?.o) .dtors)
 *(SORT(.dtors.*))
 *(.dtors)
 *(.rodata*)
 *(.eh_fram e*)

.glue_7         0x080012b8        0x0
 .glue_7        0x080012b8        0x0 linker stubs

.glue_7t        0x080012b8        0x0
 .glue_7t       0x080012b8        0x0 linker stubs

.vfp11_veneer   0x080012b8        0x0
 .vfp11_veneer  0x080012b8        0x0 linker stubs

.v4_bx          0x080012b8        0x0
 .v4_bx         0x080012b8        0x0 linker stubs

.iplt           0x080012b8        0x0
 .iplt          0x080012b8        0x0 ..\obj\uart_node.o

.rel.dyn        0x080012b8        0x0
 .rel.iplt      0x080012b8        0x0 ..\obj\uart_node.o

.ARM.extab
 *(.ARM.extab* .gnu.linkonce.armextab.*)
                0x080012b8                __exidx_start = .

.ARM.exidx
 *(.ARM.exidx* .gnu.linkonce.armexidx.*)
                0x080012b8                __exidx_end = .
                0x080012b8                __etext = .
                0x080012b8                _sidata = __etext

.data           0x20000000       0x24 load address 0x080012b8
                0x20000000                __data_start__ = .
                0x20000000                _sdata = __data_start__
 *(vtable)
 *(.data*)
 .data          0x20000000       0x10 ..\obj\stm32f4xx_rcc.o
 .data          0x20000010       0x14 ..\obj\system_stm32f4xx.o
                0x20000010                SystemCoreClock
                0x20000014                AHBPrescTable
                0x20000024                . = ALIGN (0x4)
                [!provide]                PROVIDE (__preinit_array_start, .)
 *(.preinit_array)
                [!provide]                PROVIDE (__preinit_array_end, .)
                0x20000024                . = ALIGN (0x4)
                [!provide]                PROVIDE (__init_array_start, .)
 *(SORT(.init_array.*))
 *(.init_array)
                [!provide]                PROVIDE (__init_array_end, .)
                0x20000024                . = ALIGN (0x4)
                [!provide]                PROVIDE (__fini_array_start, .)
 *(SORT(.fini_array.*))
 *(.fini_array)
                [!provide]                PROVIDE (__fini_array_end, .)
 *(.jcr*)
                0x20000024                . = ALIGN (0x4)
                0x20000024                __data_end__ = .
                0x20000024                _edata = __data_end__

.igot.plt       0x20000024        0x0 load address 0x080012dc
 .igot.plt      0x20000024        0x0 ..\obj\uart_node.o

.bss            0x20000024       0x34 load address 0x080012dc
                0x20000024                . = ALIGN (0x4)
                0x20000024                __bss_start__ = .
                0x20000024                _sbss = __bss_start__
 *(.bss*)
 .bss           0x20000024        0x4 ..\obj\uart_node.o
                0x20000024                data1
                0x20000025                data2
                0x20000026                data3
                0x20000027                data4
 .bss           0x20000028       0x18 ..\obj\main.o
                0x20000034                flag
                0x20000038                prevFlag
                0x2000003c                proxy15
 .bss           0x20000040        0xd ..\obj\tm_stm32f4_delay.o
                0x2000004c                TM_DELAY_Initialized
 *(COMMON)
 COMMON         0x2000004d        0x2 ..\obj\uart_node.o
                0x2000004d                flagNode
                0x2000004e                bufferNode
 *fill*         0x2000004f        0x1 
 COMMON         0x20000050        0x8 ..\obj\sensor.o
                0x20000050                proxy13
                0x20000054                proxy14
                0x20000058                . = ALIGN (0x4)
                0x20000058                __bss_end__ = .
                0x20000058                _ebss = __bss_end__

.heap           0x20000058        0x0
                0x20000058                __end__ = .
                0x20000058                _end = __end__
                0x20000058                end = __end__
 *(.heap*)
                0x20000058                __HeapLimit = .

.co_stack       0x20000058      0x800 load address 0x08001310
                0x20000058                . = ALIGN (0x8)
 *(.co_stack .co_stack.*)
 .co_stack      0x20000058      0x800 ..\obj\startup_stm32f4xx.o
                0x20000058                pulStack
                0x20020000                __StackTop = (ORIGIN (ram) + LENGTH (ram))
                0x2001f800                __StackLimit = (__StackTop - SIZEOF (.co_stack))
                [!provide]                PROVIDE (__stack, __StackTop)
                0x00000001                ASSERT ((__StackLimit >= __HeapLimit), region ram  overflowed with stack)
LOAD ..\obj\uart_node.o
LOAD ..\obj\stm32f4xx_syscfg.o
LOAD ..\obj\stm32f4xx_usart.o
LOAD ..\obj\startup_stm32f4xx.o
LOAD ..\obj\main.o
LOAD ..\obj\stm32f4xx_rcc.o
LOAD ..\obj\sensor.o
LOAD ..\obj\tm_stm32f4_delay.o
LOAD ..\obj\stm32f4xx_gpio.o
LOAD ..\obj\system_stm32f4xx.o
LOAD ..\obj\syscalls.o
LOAD ..\obj\misc.o
LOAD ..\obj\motorDC.o
LOAD ..\obj\stm32f4xx_tim.o
START GROUP
LOAD c:/program files (x86)/gnu tools arm embedded/6 2017-q2-update/bin/../lib/gcc/arm-none-eabi/6.3.1/thumb/v7e-m\libgcc.a
LOAD c:/program files (x86)/gnu tools arm embedded/6 2017-q2-update/bin/../lib/gcc/arm-none-eabi/6.3.1/../../../../arm-none-eabi/lib/thumb/v7e-m\libg.a
LOAD c:/program files (x86)/gnu tools arm embedded/6 2017-q2-update/bin/../lib/gcc/arm-none-eabi/6.3.1/../../../../arm-none-eabi/lib/thumb/v7e-m\libc.a
END GROUP
OUTPUT(robot bersih-bersih.elf elf32-littlearm)

.debug_info     0x00000000     0x3f42
 .debug_info    0x00000000      0x720 ..\obj\uart_node.o
 .debug_info    0x00000720      0x9d1 ..\obj\stm32f4xx_usart.o
 .debug_info    0x000010f1      0x10f ..\obj\startup_stm32f4xx.o
 .debug_info    0x00001200      0x1a2 ..\obj\main.o
 .debug_info    0x000013a2      0xc6e ..\obj\stm32f4xx_rcc.o
 .debug_info    0x00002010      0x2ef ..\obj\sensor.o
 .debug_info    0x000022ff      0x7b8 ..\obj\tm_stm32f4_delay.o
 .debug_info    0x00002ab7      0x621 ..\obj\stm32f4xx_gpio.o
 .debug_info    0x000030d8      0x5cc ..\obj\system_stm32f4xx.o
 .debug_info    0x000036a4      0x549 ..\obj\misc.o
 .debug_info    0x00003bed      0x355 ..\obj\motorDC.o

.debug_abbrev   0x00000000      0xeeb
 .debug_abbrev  0x00000000      0x155 ..\obj\uart_node.o
 .debug_abbrev  0x00000155      0x180 ..\obj\stm32f4xx_usart.o
 .debug_abbrev  0x000002d5       0xbf ..\obj\startup_stm32f4xx.o
 .debug_abbrev  0x00000394       0xae ..\obj\main.o
 .debug_abbrev  0x00000442      0x1f6 ..\obj\stm32f4xx_rcc.o
 .debug_abbrev  0x00000638      0x137 ..\obj\sensor.o
 .debug_abbrev  0x0000076f      0x1d8 ..\obj\tm_stm32f4_delay.o
 .debug_abbrev  0x00000947      0x1b6 ..\obj\stm32f4xx_gpio.o
 .debug_abbrev  0x00000afd      0x156 ..\obj\system_stm32f4xx.o
 .debug_abbrev  0x00000c53      0x170 ..\obj\misc.o
 .debug_abbrev  0x00000dc3      0x128 ..\obj\motorDC.o

.debug_aranges  0x00000000      0x4e8
 .debug_aranges
                0x00000000       0x30 ..\obj\uart_node.o
 .debug_aranges
                0x00000030      0x100 ..\obj\stm32f4xx_usart.o
 .debug_aranges
                0x00000130       0x28 ..\obj\startup_stm32f4xx.o
 .debug_aranges
                0x00000158       0x30 ..\obj\main.o
 .debug_aranges
                0x00000188      0x178 ..\obj\stm32f4xx_rcc.o
 .debug_aranges
                0x00000300       0x28 ..\obj\sensor.o
 .debug_aranges
                0x00000328       0x78 ..\obj\tm_stm32f4_delay.o
 .debug_aranges
                0x000003a0       0x88 ..\obj\stm32f4xx_gpio.o
 .debug_aranges
                0x00000428       0x30 ..\obj\system_stm32f4xx.o
 .debug_aranges
                0x00000458       0x40 ..\obj\misc.o
 .debug_aranges
                0x00000498       0x50 ..\obj\motorDC.o

.debug_ranges   0x00000000      0x438
 .debug_ranges  0x00000000       0x20 ..\obj\uart_node.o
 .debug_ranges  0x00000020       0xf0 ..\obj\stm32f4xx_usart.o
 .debug_ranges  0x00000110       0x18 ..\obj\startup_stm32f4xx.o
 .debug_ranges  0x00000128       0x20 ..\obj\main.o
 .debug_ranges  0x00000148      0x168 ..\obj\stm32f4xx_rcc.o
 .debug_ranges  0x000002b0       0x18 ..\obj\sensor.o
 .debug_ranges  0x000002c8       0x68 ..\obj\tm_stm32f4_delay.o
 .debug_ranges  0x00000330       0x78 ..\obj\stm32f4xx_gpio.o
 .debug_ranges  0x000003a8       0x20 ..\obj\system_stm32f4xx.o
 .debug_ranges  0x000003c8       0x30 ..\obj\misc.o
 .debug_ranges  0x000003f8       0x40 ..\obj\motorDC.o

.debug_line     0x00000000     0x229c
 .debug_line    0x00000000      0x2cc ..\obj\uart_node.o
 .debug_line    0x000002cc      0x51f ..\obj\stm32f4xx_usart.o
 .debug_line    0x000007eb       0xaa ..\obj\startup_stm32f4xx.o
 .debug_line    0x00000895      0x2a2 ..\obj\main.o
 .debug_line    0x00000b37      0x60b ..\obj\stm32f4xx_rcc.o
 .debug_line    0x00001142      0x266 ..\obj\sensor.o
 .debug_line    0x000013a8      0x36d ..\obj\tm_stm32f4_delay.o
 .debug_line    0x00001715      0x3c6 ..\obj\stm32f4xx_gpio.o
 .debug_line    0x00001adb      0x234 ..\obj\system_stm32f4xx.o
 .debug_line    0x00001d0f      0x2a4 ..\obj\misc.o
 .debug_line    0x00001fb3      0x2e9 ..\obj\motorDC.o

.debug_str      0x00000000     0x1b88
 .debug_str     0x00000000      0x9d6 ..\obj\uart_node.o
                                0xa36 (size before relaxing)
 .debug_str     0x000009d6      0x426 ..\obj\stm32f4xx_usart.o
                                0x6a8 (size before relaxing)
 .debug_str     0x00000dfc       0xcb ..\obj\startup_stm32f4xx.o
                                0x162 (size before relaxing)
 .debug_str     0x00000ec7       0x90 ..\obj\main.o
                                0x1f9 (size before relaxing)
 .debug_str     0x00000f57      0x5ec ..\obj\stm32f4xx_rcc.o
                                0x869 (size before relaxing)
 .debug_str     0x00001543       0x74 ..\obj\sensor.o
                                0x378 (size before relaxing)
 .debug_str     0x000015b7      0x1dc ..\obj\tm_stm32f4_delay.o
                                0x89d (size before relaxing)
 .debug_str     0x00001793      0x19c ..\obj\stm32f4xx_gpio.o
                                0x4bc (size before relaxing)
 .debug_str     0x0000192f       0xbd ..\obj\system_stm32f4xx.o
                                0x3b3 (size before relaxing)
 .debug_str     0x000019ec      0x11c ..\obj\misc.o
                                0x3e7 (size before relaxing)
 .debug_str     0x00001b08       0x80 ..\obj\motorDC.o
                                0x3a4 (size before relaxing)

.comment        0x00000000       0x7f
 .comment       0x00000000       0x7f ..\obj\uart_node.o
                                 0x80 (size before relaxing)
 .comment       0x0000007f       0x80 ..\obj\stm32f4xx_usart.o
 .comment       0x0000007f       0x80 ..\obj\startup_stm32f4xx.o
 .comment       0x0000007f       0x80 ..\obj\main.o
 .comment       0x0000007f       0x80 ..\obj\stm32f4xx_rcc.o
 .comment       0x0000007f       0x80 ..\obj\sensor.o
 .comment       0x0000007f       0x80 ..\obj\tm_stm32f4_delay.o
 .comment       0x0000007f       0x80 ..\obj\stm32f4xx_gpio.o
 .comment       0x0000007f       0x80 ..\obj\system_stm32f4xx.o
 .comment       0x0000007f       0x80 ..\obj\misc.o
 .comment       0x0000007f       0x80 ..\obj\motorDC.o

.ARM.attributes
                0x00000000       0x33
 .ARM.attributes
                0x00000000       0x33 ..\obj\uart_node.o
 .ARM.attributes
                0x00000033       0x33 ..\obj\stm32f4xx_usart.o
 .ARM.attributes
                0x00000066       0x33 ..\obj\startup_stm32f4xx.o
 .ARM.attributes
                0x00000099       0x33 ..\obj\main.o
 .ARM.attributes
                0x000000cc       0x33 ..\obj\stm32f4xx_rcc.o
 .ARM.attributes
                0x000000ff       0x33 ..\obj\sensor.o
 .ARM.attributes
                0x00000132       0x33 ..\obj\tm_stm32f4_delay.o
 .ARM.attributes
                0x00000165       0x33 ..\obj\stm32f4xx_gpio.o
 .ARM.attributes
                0x00000198       0x33 ..\obj\system_stm32f4xx.o
 .ARM.attributes
                0x000001cb       0x33 ..\obj\misc.o
 .ARM.attributes
                0x000001fe       0x33 ..\obj\motorDC.o

.debug_frame    0x00000000     0x12f4
 .debug_frame   0x00000000       0x6c ..\obj\uart_node.o
 .debug_frame   0x0000006c      0x490 ..\obj\stm32f4xx_usart.o
 .debug_frame   0x000004fc       0x4c ..\obj\startup_stm32f4xx.o
 .debug_frame   0x00000548       0x64 ..\obj\main.o
 .debug_frame   0x000005ac      0x6d4 ..\obj\stm32f4xx_rcc.o
 .debug_frame   0x00000c80       0x50 ..\obj\sensor.o
 .debug_frame   0x00000cd0      0x1b8 ..\obj\tm_stm32f4_delay.o
 .debug_frame   0x00000e88      0x23c ..\obj\stm32f4xx_gpio.o
 .debug_frame   0x000010c4       0x7c ..\obj\system_stm32f4xx.o
 .debug_frame   0x00001140       0xd8 ..\obj\misc.o
 .debug_frame   0x00001218       0xdc ..\obj\motorDC.o
